// Jest Snapshot v1, https://goo.gl/fbAQLP

exports[`matches snapshot 1`] = `
<div
  className="Dice"
>
  <Die
    idx={0}
    key="0"
    locked={true}
  />
  <Die
    idx={1}
    key="1"
    locked={false}
  />
</div>
`;
